// Jest Snapshot v1, https://goo.gl/fbAQLP

exports[`ActionButton renders as expected 1`] = `
<DocumentFragment>
  <button
    class="wrapper"
    type="button"
  >
    Hello World
  </button>
</DocumentFragment>
`;
